// Jest Snapshot v1, https://goo.gl/fbAQLP

exports[`Button Snapshot test match the snapshot 1`] = `
<button
  className="Button-Bad"
  onClick={undefined}
>
  Multiply
</button>
`;
